2026-02-26 03:29:29 - Comando procesado: ls
2026-02-26 03:37:56 - Comando procesado: echo
2026-02-26 04:26:55 - Comando procesado: echo hola
2026-02-26 04:29:09 - Evento manual: hola mundo
2026-04-23 00:52:02 - Usuarioadmininicio sesion
2026-04-23 00:52:19 - Comando procesado: mkdir
2026-05-27 21:05:58 - Usuarioadmininicio sesion
2026-05-27 21:05:58 - Thread verificador iniciado
2026-05-27 21:06:13 - Comando procesado: g++
2026-05-27 21:06:41 - Evento manual: g++
2026-05-27 21:09:01 - Evento manual: se revisaron los registros a las 3pm
2026-05-27 21:10:29 - Comando procesado: hola
2026-05-27 21:10:38 - Comando procesado: mundo
2026-05-27 21:14:03 - Usuarioalumnoinicio sesion
2026-05-27 21:14:03 - Thread verificador iniciado
2026-05-27 21:14:05 - Intento sin permiso: procesar comando por alumno
2026-05-27 21:14:14 - Intento sin permiso: registrar evento por alumno
2026-05-27 21:14:46 - Usuarioadmininicio sesion
2026-05-27 21:14:46 - Thread verificador iniciado
2026-05-27 21:14:53 - Comando procesado: cat
2026-05-27 21:17:46 - Usuarioadmininicio sesion
2026-05-27 21:17:46 - Thread verificador iniciado
2026-05-27 21:19:28 - Comando procesado: cta
2026-05-27 21:29:41 - Usuarioadmininicio sesion
2026-05-27 21:29:41 - Thread verificador iniciado
2026-05-27 21:30:02 - Comando procesado: prueba 1
2026-05-27 21:30:06 - Comando procesado: prueba 2
2026-05-27 21:30:57 - Usuarioadmininicio sesion
2026-05-27 21:30:57 - Thread verificador iniciado
2026-05-27 21:32:55 - Usuarioadmininicio sesion
2026-05-27 21:32:55 - Thread verificador iniciado
2026-05-27 21:33:01 - Comando procesado: ls
2026-05-27 21:33:05 - Comando procesado: ls -la
2026-05-27 21:34:54 - Usuarioadmininicio sesion
2026-05-27 21:34:54 - Thread verificador iniciado
2026-05-27 21:38:25 - Usuarioadmininicio sesion
2026-05-27 21:38:25 - Thread verificador iniciado
2026-05-27 21:38:29 - Comando procesado: hola
2026-05-27 21:38:33 - Comando procesado: mundo
2026-05-27 21:39:27 - Usuarioadmininicio sesion
2026-05-27 21:39:27 - Thread verificador iniciado
2026-05-27 21:46:49 - Usuarioadmininicio sesion
2026-05-27 21:46:49 - Thread verificador iniciado
2026-05-27 21:46:53 - Comando procesado: echo
2026-05-27 21:46:57 - Comando procesado: mkadir
2026-05-27 21:47:43 - Usuarioadmininicio sesion
2026-05-27 21:47:43 - Thread verificador iniciado
2026-05-27 22:01:24 - Usuarioadmininicio sesion
2026-05-27 22:01:24 - Thread verificador iniciado
2026-05-27 22:02:17 - Comando procesado: hola
2026-05-27 22:02:21 - Comando procesado: mundo
2026-05-27 22:02:47 - Usuarioadmininicio sesion
2026-05-27 22:02:47 - Thread verificador iniciado
2026-05-27 22:02:56 - Comando procesado: hola
2026-05-27 22:03:04 - Comando procesado: mundo
2026-05-27 22:04:19 - Usuarioadmininicio sesion
2026-05-27 22:04:19 - Thread verificador iniciado
2026-05-27 22:04:23 - Comando procesado: hola
2026-05-27 22:04:29 - Comando procesado: mundo
2026-05-27 22:05:30 - Usuarioadmininicio sesion
2026-05-27 22:05:30 - Thread verificador iniciado
2026-05-27 22:05:55 - Comando procesado: mkdir
2026-05-27 22:08:46 - Usuarioadmininicio sesion
2026-05-27 22:08:46 - Thread verificador iniciado
2026-05-27 22:09:05 - Comando procesado: comando 1
2026-05-27 22:09:09 - Comando procesado: comando 2
2026-05-27 22:12:11 - Usuarioadmininicio sesion
2026-05-27 22:12:11 - Thread verificador iniciado
2026-05-27 22:25:40 - Usuarioadmininicio sesion
2026-05-27 22:25:40 - Thread verificador iniciado
2026-05-27 22:25:48 - Comando procesado: prueba 1
2026-05-27 22:25:59 - Comando procesado: prueba 2
2026-05-27 22:26:37 - Usuarioadmininicio sesion
2026-05-27 22:26:37 - Thread verificador iniciado
2026-05-27 22:26:43 - Comando procesado: hola
2026-05-27 22:26:45 - Comando procesado: munod
2026-05-27 22:27:07 - Thread detenido
2026-05-27 22:28:04 - Usuarioadmininicio sesion
2026-05-27 22:28:04 - Thread verificador iniciado
2026-05-27 22:29:19 - Thread detenido
2026-05-27 23:35:45 - Usuarioadmininicio sesion
2026-05-27 23:35:45 - Thread verificador iniciado
2026-05-27 23:35:50 - Comando procesado: prueba 1
2026-05-27 23:35:54 - Comando procesado: prueba 2
2026-05-27 23:36:30 - Thread detenido
2026-05-27 23:37:38 - Usuarioadmininicio sesion
2026-05-27 23:37:38 - Thread verificador iniciado
2026-05-27 23:38:08 - Thread detenido
2026-05-27 23:49:38 - Usuarioadmininicio sesion
2026-05-27 23:49:38 - Thread verificador iniciado
2026-05-27 23:49:41 - Comando procesado: test
2026-05-27 23:50:09 - Usuarioadmininicio sesion
2026-05-27 23:50:09 - Thread verificador iniciado
2026-05-27 23:50:13 - Comando procesado: test
2026-05-27 23:50:39 - Thread detenido
2026-05-27 23:51:01 - Usuarioadmininicio sesion
2026-05-27 23:51:01 - Thread verificador iniciado
2026-05-27 23:51:31 - Thread detenido
2026-05-27 23:56:49 - Usuarioprofesorinicio sesion
2026-05-27 23:56:49 - Thread verificador iniciado
2026-05-27 23:56:54 - Comando procesado: cat
2026-05-27 23:57:17 - Evento manual: editado 6 pm
2026-05-28 00:03:49 - Thread detenido
2026-05-28 00:03:59 - Usuarioalumnoinicio sesion
2026-05-28 00:03:59 - Thread verificador iniciado
2026-05-28 00:04:01 - Intento sin permiso: procesar comando por alumno
2026-05-28 00:04:06 - Intento sin permiso: registrar evento por alumno
2026-05-28 00:06:44 - Thread detenido
2026-05-28 01:11:33 - Usuarioadmininicio sesion
2026-05-28 01:11:33 - Thread verificador iniciado
2026-05-28 01:11:38 - Comando procesado: cat
2026-05-28 01:11:51 - Evento manual: se edito a las 4
2026-05-28 01:12:03 - Thread detenido
2026-05-28 01:12:13 - Usuarioalumnoinicio sesion
2026-05-28 01:12:13 - Thread verificador iniciado
2026-05-28 01:12:15 - Intento sin permiso: procesar comando por alumno
2026-05-28 01:12:20 - Intento sin permiso: registrar evento por alumno
2026-05-28 01:12:28 - Thread detenido
2026-05-28 01:12:49 - Usuarioadmininicio sesion
2026-05-28 01:12:49 - Thread verificador iniciado
2026-05-28 01:13:04 - Thread detenido
